[{"id":"1000","index":4096,"sub_indices":[{"index":0,"desc":"Device Type","kind":1,"data_type":{"type":9,"attr":0,"lower":0,"upper":0},"access_type":{"type":2,"attr":0,"lower":0,"upper":0},"low_limit":{"value":0,"attr":0,"lower":0,"upper":0},"high_limit":{"value":0,"attr":0,"lower":0,"upper":0},"default_value":{"value":0,"attr":0,"lower":0,"upper":0},"mappable":{"value":false,"attr":0,"lower":0,"upper":0}}],"code":{"type":3,"attr":1,"lower":0,"upper":0},"min_elements":{"value":0,"attr":0,"lower":0,"upper":0},"max_elements":{"value":0,"attr":0,"lower":0,"upper":0},"desc":"Device Type","kind":1},{"id":"1001","index":4097,"sub_indices":[{"index":0,"desc":"Device Type","kind":1,"data_type":{"type":9,"attr":0,"lower":0,"upper":0},"access_type":{"type":2,"attr":0,"lower":0,"upper":0},"low_limit":{"value":0,"attr":0,"lower":0,"upper":0},"high_limit":{"value":0,"attr":0,"lower":0,"upper":0},"default_value":{"value":0,"attr":0,"lower":0,"upper":0},"mappable":{"value":false,"attr":0,"lower":0,"upper":0}}],"code":{"type":3,"attr":1,"lower":0,"upper":0},"min_elements":{"value":0,"attr":0,"lower":0,"upper":0},"max_elements":{"value":0,"attr":0,"lower":0,"upper":0},"desc":"Device Type","kind":1},{"id":"1003","index":4099,"sub_indices":[{"index":0,"desc":"Number of Errors","kind":0,"data_type":{"type":3,"attr":0,"lower":0,"upper":0},"access_type":{"type":4,"attr":0,"lower":0,"upper":0},"low_limit":{"value":0,"attr":0,"lower":0,"upper":0},"high_limit":{"value":0,"attr":0,"lower":0,"upper":0},"default_value":{"value":0,"attr":0,"lower":0,"upper":0},"mappable":{"value":false,"attr":0,"lower":0,"upper":0}},{"index":1,"desc":"Standard Error Field","kind":0,"data_type":{"type":9,"attr":0,"lower":0,"upper":0},"access_type":{"type":2,"attr":0,"lower":0,"upper":0},"low_limit":{"value":0,"attr":0,"lower":0,"upper":0},"high_limit":{"value":0,"attr":0,"lower":0,"upper":0},"default_value":{"value":0,"attr":0,"lower":0,"upper":0},"mappable":{"value":false,"attr":0,"lower":0,"upper":0}}],"code":{"type":4,"attr":1,"lower":0,"upper":0},"min_elements":{"value":2,"attr":0,"lower":0,"upper":0},"max_elements":{"value":255,"attr":0,"lower":0,"upper":0},"desc":"Predefined Error Field","kind":0},{"id":"1004","index":4100,"sub_indices":[{"index":0,"desc":"Number of Errors","kind":0,"data_type":{"type":3,"attr":0,"lower":0,"upper":0},"access_type":{"type":4,"attr":0,"lower":0,"upper":0},"low_limit":{"value":0,"attr":0,"lower":0,"upper":0},"high_limit":{"value":0,"attr":0,"lower":0,"upper":0},"default_value":{"value":0,"attr":0,"lower":0,"upper":0},"mappable":{"value":false,"attr":0,"lower":0,"upper":0}},{"index":1,"desc":"Standard Error Field","kind":0,"data_type":{"type":9,"attr":0,"lower":0,"upper":0},"access_type":{"type":2,"attr":0,"lower":0,"upper":0},"low_limit":{"value":0,"attr":0,"lower":0,"upper":0},"high_limit":{"value":0,"attr":0,"lower":0,"upper":0},"default_value":{"value":0,"attr":0,"lower":0,"upper":0},"mappable":{"value":false,"attr":0,"lower":0,"upper":0}}],"code":{"type":4,"attr":1,"lower":0,"upper":0},"min_elements":{"value":2,"attr":0,"lower":0,"upper":0},"max_elements":{"value":255,"attr":0,"lower":0,"upper":0},"desc":"Predefined Error Field","kind":0}]
